Analysis & Synthesis report for regfile
Wed Oct 06 15:55:39 2021
Quartus Prime Version 16.0.0 Build 211 04/27/2016 SJ Lite Edition


---------------------
; Table of Contents ;
---------------------
  1. Legal Notice
  2. Analysis & Synthesis Summary
  3. Analysis & Synthesis Settings
  4. Parallel Compilation
  5. Analysis & Synthesis Source Files Read
  6. Analysis & Synthesis Resource Usage Summary
  7. Analysis & Synthesis Resource Utilization by Entity
  8. Registers Removed During Synthesis
  9. General Register Statistics
 10. Port Connectivity Checks: "dec5_32:d3"
 11. Port Connectivity Checks: "dec5_32:d2"
 12. Port Connectivity Checks: "dec5_32:d1|dec3_8:d2|dec2_4:d"
 13. Post-Synthesis Netlist Statistics for Top Partition
 14. Elapsed Time Per Partition
 15. Analysis & Synthesis Messages
 16. Analysis & Synthesis Suppressed Messages



----------------
; Legal Notice ;
----------------
Copyright (C) 1991-2016 Altera Corporation. All rights reserved.
Your use of Altera Corporation's design tools, logic functions 
and other software and tools, and its AMPP partner logic 
functions, and any output files from any of the foregoing 
(including device programming or simulation files), and any 
associated documentation or information are expressly subject 
to the terms and conditions of the Altera Program License 
Subscription Agreement, the Altera Quartus Prime License Agreement,
the Altera MegaCore Function License Agreement, or other 
applicable license agreement, including, without limitation, 
that your use is for the sole purpose of programming logic 
devices manufactured by Altera and sold by Altera or its 
authorized distributors.  Please refer to the applicable 
agreement for further details.



+----------------------------------------------------------------------------------+
; Analysis & Synthesis Summary                                                     ;
+------------------------------------+---------------------------------------------+
; Analysis & Synthesis Status        ; Successful - Wed Oct 06 15:55:39 2021       ;
; Quartus Prime Version              ; 16.0.0 Build 211 04/27/2016 SJ Lite Edition ;
; Revision Name                      ; regfile                                     ;
; Top-level Entity Name              ; regfile                                     ;
; Family                             ; Cyclone IV E                                ;
; Total logic elements               ; 2,504                                       ;
;     Total combinational functions  ; 1,512                                       ;
;     Dedicated logic registers      ; 992                                         ;
; Total registers                    ; 992                                         ;
; Total pins                         ; 114                                         ;
; Total virtual pins                 ; 0                                           ;
; Total memory bits                  ; 0                                           ;
; Embedded Multiplier 9-bit elements ; 0                                           ;
; Total PLLs                         ; 0                                           ;
+------------------------------------+---------------------------------------------+


+----------------------------------------------------------------------------------------------------------------------+
; Analysis & Synthesis Settings                                                                                        ;
+----------------------------------------------------------------------------+--------------------+--------------------+
; Option                                                                     ; Setting            ; Default Value      ;
+----------------------------------------------------------------------------+--------------------+--------------------+
; Device                                                                     ; EP4CE115F29C7      ;                    ;
; Top-level entity name                                                      ; regfile            ; regfile            ;
; Family name                                                                ; Cyclone IV E       ; Cyclone V          ;
; Use smart compilation                                                      ; Off                ; Off                ;
; Enable parallel Assembler and TimeQuest Timing Analyzer during compilation ; On                 ; On                 ;
; Enable compact report table                                                ; Off                ; Off                ;
; Restructure Multiplexers                                                   ; Auto               ; Auto               ;
; Create Debugging Nodes for IP Cores                                        ; Off                ; Off                ;
; Preserve fewer node names                                                  ; On                 ; On                 ;
; Disable OpenCore Plus hardware evaluation                                  ; Off                ; Off                ;
; Verilog Version                                                            ; Verilog_2001       ; Verilog_2001       ;
; VHDL Version                                                               ; VHDL_1993          ; VHDL_1993          ;
; State Machine Processing                                                   ; Auto               ; Auto               ;
; Safe State Machine                                                         ; Off                ; Off                ;
; Extract Verilog State Machines                                             ; On                 ; On                 ;
; Extract VHDL State Machines                                                ; On                 ; On                 ;
; Ignore Verilog initial constructs                                          ; Off                ; Off                ;
; Iteration limit for constant Verilog loops                                 ; 5000               ; 5000               ;
; Iteration limit for non-constant Verilog loops                             ; 250                ; 250                ;
; Add Pass-Through Logic to Inferred RAMs                                    ; On                 ; On                 ;
; Infer RAMs from Raw Logic                                                  ; On                 ; On                 ;
; Parallel Synthesis                                                         ; On                 ; On                 ;
; DSP Block Balancing                                                        ; Auto               ; Auto               ;
; NOT Gate Push-Back                                                         ; On                 ; On                 ;
; Power-Up Don't Care                                                        ; On                 ; On                 ;
; Remove Redundant Logic Cells                                               ; Off                ; Off                ;
; Remove Duplicate Registers                                                 ; On                 ; On                 ;
; Ignore CARRY Buffers                                                       ; Off                ; Off                ;
; Ignore CASCADE Buffers                                                     ; Off                ; Off                ;
; Ignore GLOBAL Buffers                                                      ; Off                ; Off                ;
; Ignore ROW GLOBAL Buffers                                                  ; Off                ; Off                ;
; Ignore LCELL Buffers                                                       ; Off                ; Off                ;
; Ignore SOFT Buffers                                                        ; On                 ; On                 ;
; Limit AHDL Integers to 32 Bits                                             ; Off                ; Off                ;
; Optimization Technique                                                     ; Balanced           ; Balanced           ;
; Carry Chain Length                                                         ; 70                 ; 70                 ;
; Auto Carry Chains                                                          ; On                 ; On                 ;
; Auto Open-Drain Pins                                                       ; On                 ; On                 ;
; Perform WYSIWYG Primitive Resynthesis                                      ; Off                ; Off                ;
; Auto ROM Replacement                                                       ; On                 ; On                 ;
; Auto RAM Replacement                                                       ; On                 ; On                 ;
; Auto DSP Block Replacement                                                 ; On                 ; On                 ;
; Auto Shift Register Replacement                                            ; Auto               ; Auto               ;
; Allow Shift Register Merging across Hierarchies                            ; Auto               ; Auto               ;
; Auto Clock Enable Replacement                                              ; On                 ; On                 ;
; Strict RAM Replacement                                                     ; Off                ; Off                ;
; Allow Synchronous Control Signals                                          ; On                 ; On                 ;
; Force Use of Synchronous Clear Signals                                     ; Off                ; Off                ;
; Auto RAM Block Balancing                                                   ; On                 ; On                 ;
; Auto RAM to Logic Cell Conversion                                          ; Off                ; Off                ;
; Auto Resource Sharing                                                      ; Off                ; Off                ;
; Allow Any RAM Size For Recognition                                         ; Off                ; Off                ;
; Allow Any ROM Size For Recognition                                         ; Off                ; Off                ;
; Allow Any Shift Register Size For Recognition                              ; Off                ; Off                ;
; Use LogicLock Constraints during Resource Balancing                        ; On                 ; On                 ;
; Ignore translate_off and synthesis_off directives                          ; Off                ; Off                ;
; Timing-Driven Synthesis                                                    ; On                 ; On                 ;
; Report Parameter Settings                                                  ; On                 ; On                 ;
; Report Source Assignments                                                  ; On                 ; On                 ;
; Report Connectivity Checks                                                 ; On                 ; On                 ;
; Ignore Maximum Fan-Out Assignments                                         ; Off                ; Off                ;
; Synchronization Register Chain Length                                      ; 2                  ; 2                  ;
; PowerPlay Power Optimization During Synthesis                              ; Normal compilation ; Normal compilation ;
; HDL message level                                                          ; Level2             ; Level2             ;
; Suppress Register Optimization Related Messages                            ; Off                ; Off                ;
; Number of Removed Registers Reported in Synthesis Report                   ; 5000               ; 5000               ;
; Number of Swept Nodes Reported in Synthesis Report                         ; 5000               ; 5000               ;
; Number of Inverted Registers Reported in Synthesis Report                  ; 100                ; 100                ;
; Clock MUX Protection                                                       ; On                 ; On                 ;
; Auto Gated Clock Conversion                                                ; Off                ; Off                ;
; Block Design Naming                                                        ; Auto               ; Auto               ;
; SDC constraint protection                                                  ; Off                ; Off                ;
; Synthesis Effort                                                           ; Auto               ; Auto               ;
; Shift Register Replacement - Allow Asynchronous Clear Signal               ; On                 ; On                 ;
; Pre-Mapping Resynthesis Optimization                                       ; Off                ; Off                ;
; Analysis & Synthesis Message Level                                         ; Medium             ; Medium             ;
; Disable Register Merging Across Hierarchies                                ; Auto               ; Auto               ;
; Resource Aware Inference For Block RAM                                     ; On                 ; On                 ;
; Synthesis Seed                                                             ; 1                  ; 1                  ;
+----------------------------------------------------------------------------+--------------------+--------------------+


Parallel compilation was disabled, but you have multiple processors available. Enable parallel compilation to reduce compilation time.
+-------------------------------------+
; Parallel Compilation                ;
+----------------------------+--------+
; Processors                 ; Number ;
+----------------------------+--------+
; Number detected on machine ; 12     ;
; Maximum allowed            ; 1      ;
+----------------------------+--------+


+-------------------------------------------------------------------------------------------------------------------------------------------------+
; Analysis & Synthesis Source Files Read                                                                                                          ;
+----------------------------------+-----------------+------------------------+---------------------------------------------------------+---------+
; File Name with User-Entered Path ; Used in Netlist ; File Type              ; File Name with Absolute Path                            ; Library ;
+----------------------------------+-----------------+------------------------+---------------------------------------------------------+---------+
; register0.v                      ; yes             ; User Verilog HDL File  ; C:/Users/hb/Desktop/ece550/ECE_550/Project2/register0.v ;         ;
; register.v                       ; yes             ; User Verilog HDL File  ; C:/Users/hb/Desktop/ece550/ECE_550/Project2/register.v  ;         ;
; regfile.v                        ; yes             ; User Verilog HDL File  ; C:/Users/hb/Desktop/ece550/ECE_550/Project2/regfile.v   ;         ;
; dec5_32.v                        ; yes             ; User Verilog HDL File  ; C:/Users/hb/Desktop/ece550/ECE_550/Project2/dec5_32.v   ;         ;
; dec3_8.v                         ; yes             ; User Verilog HDL File  ; C:/Users/hb/Desktop/ece550/ECE_550/Project2/dec3_8.v    ;         ;
; dec2_4.v                         ; yes             ; User Verilog HDL File  ; C:/Users/hb/Desktop/ece550/ECE_550/Project2/dec2_4.v    ;         ;
+----------------------------------+-----------------+------------------------+---------------------------------------------------------+---------+


+-----------------------------------------------------------+
; Analysis & Synthesis Resource Usage Summary               ;
+---------------------------------------------+-------------+
; Resource                                    ; Usage       ;
+---------------------------------------------+-------------+
; Estimated Total logic elements              ; 2,504       ;
;                                             ;             ;
; Total combinational functions               ; 1512        ;
; Logic element usage by number of LUT inputs ;             ;
;     -- 4 input functions                    ; 1307        ;
;     -- 3 input functions                    ; 145         ;
;     -- <=2 input functions                  ; 60          ;
;                                             ;             ;
; Logic elements by mode                      ;             ;
;     -- normal mode                          ; 1512        ;
;     -- arithmetic mode                      ; 0           ;
;                                             ;             ;
; Total registers                             ; 992         ;
;     -- Dedicated logic registers            ; 992         ;
;     -- I/O registers                        ; 0           ;
;                                             ;             ;
; I/O pins                                    ; 114         ;
;                                             ;             ;
; Embedded Multiplier 9-bit elements          ; 0           ;
;                                             ;             ;
; Maximum fan-out node                        ; clock~input ;
; Maximum fan-out                             ; 992         ;
; Total fan-out                               ; 9929        ;
; Average fan-out                             ; 3.63        ;
+---------------------------------------------+-------------+


+----------------------------------------------------------------------------------------------------------------------------------------------------------------------------------------------------------------+
; Analysis & Synthesis Resource Utilization by Entity                                                                                                                                                            ;
+------------------------------+-------------------+--------------+-------------+--------------+---------+-----------+------+--------------+----------------------------------------+-------------+--------------+
; Compilation Hierarchy Node   ; LC Combinationals ; LC Registers ; Memory Bits ; DSP Elements ; DSP 9x9 ; DSP 18x18 ; Pins ; Virtual Pins ; Full Hierarchy Name                    ; Entity Name ; Library Name ;
+------------------------------+-------------------+--------------+-------------+--------------+---------+-----------+------+--------------+----------------------------------------+-------------+--------------+
; |regfile                     ; 1512 (1405)       ; 992 (0)      ; 0           ; 0            ; 0       ; 0         ; 114  ; 0            ; |regfile                               ; regfile     ; work         ;
;    |dec5_32:d1|              ; 35 (0)            ; 0 (0)        ; 0           ; 0            ; 0       ; 0         ; 0    ; 0            ; |regfile|dec5_32:d1                    ; dec5_32     ; work         ;
;       |dec2_4:d1|            ; 4 (4)             ; 0 (0)        ; 0           ; 0            ; 0       ; 0         ; 0    ; 0            ; |regfile|dec5_32:d1|dec2_4:d1          ; dec2_4      ; work         ;
;       |dec3_8:d2|            ; 7 (7)             ; 0 (0)        ; 0           ; 0            ; 0       ; 0         ; 0    ; 0            ; |regfile|dec5_32:d1|dec3_8:d2          ; dec3_8      ; work         ;
;       |dec3_8:d3|            ; 8 (8)             ; 0 (0)        ; 0           ; 0            ; 0       ; 0         ; 0    ; 0            ; |regfile|dec5_32:d1|dec3_8:d3          ; dec3_8      ; work         ;
;       |dec3_8:d4|            ; 8 (8)             ; 0 (0)        ; 0           ; 0            ; 0       ; 0         ; 0    ; 0            ; |regfile|dec5_32:d1|dec3_8:d4          ; dec3_8      ; work         ;
;       |dec3_8:d5|            ; 8 (8)             ; 0 (0)        ; 0           ; 0            ; 0       ; 0         ; 0    ; 0            ; |regfile|dec5_32:d1|dec3_8:d5          ; dec3_8      ; work         ;
;    |dec5_32:d2|              ; 36 (0)            ; 0 (0)        ; 0           ; 0            ; 0       ; 0         ; 0    ; 0            ; |regfile|dec5_32:d2                    ; dec5_32     ; work         ;
;       |dec3_8:d2|            ; 8 (8)             ; 0 (0)        ; 0           ; 0            ; 0       ; 0         ; 0    ; 0            ; |regfile|dec5_32:d2|dec3_8:d2          ; dec3_8      ; work         ;
;       |dec3_8:d3|            ; 8 (8)             ; 0 (0)        ; 0           ; 0            ; 0       ; 0         ; 0    ; 0            ; |regfile|dec5_32:d2|dec3_8:d3          ; dec3_8      ; work         ;
;       |dec3_8:d4|            ; 11 (8)            ; 0 (0)        ; 0           ; 0            ; 0       ; 0         ; 0    ; 0            ; |regfile|dec5_32:d2|dec3_8:d4          ; dec3_8      ; work         ;
;          |dec2_4:d|          ; 3 (3)             ; 0 (0)        ; 0           ; 0            ; 0       ; 0         ; 0    ; 0            ; |regfile|dec5_32:d2|dec3_8:d4|dec2_4:d ; dec2_4      ; work         ;
;       |dec3_8:d5|            ; 9 (8)             ; 0 (0)        ; 0           ; 0            ; 0       ; 0         ; 0    ; 0            ; |regfile|dec5_32:d2|dec3_8:d5          ; dec3_8      ; work         ;
;          |dec2_4:d|          ; 1 (1)             ; 0 (0)        ; 0           ; 0            ; 0       ; 0         ; 0    ; 0            ; |regfile|dec5_32:d2|dec3_8:d5|dec2_4:d ; dec2_4      ; work         ;
;    |dec5_32:d3|              ; 36 (0)            ; 0 (0)        ; 0           ; 0            ; 0       ; 0         ; 0    ; 0            ; |regfile|dec5_32:d3                    ; dec5_32     ; work         ;
;       |dec3_8:d2|            ; 11 (8)            ; 0 (0)        ; 0           ; 0            ; 0       ; 0         ; 0    ; 0            ; |regfile|dec5_32:d3|dec3_8:d2          ; dec3_8      ; work         ;
;          |dec2_4:d|          ; 3 (3)             ; 0 (0)        ; 0           ; 0            ; 0       ; 0         ; 0    ; 0            ; |regfile|dec5_32:d3|dec3_8:d2|dec2_4:d ; dec2_4      ; work         ;
;       |dec3_8:d3|            ; 8 (8)             ; 0 (0)        ; 0           ; 0            ; 0       ; 0         ; 0    ; 0            ; |regfile|dec5_32:d3|dec3_8:d3          ; dec3_8      ; work         ;
;       |dec3_8:d4|            ; 8 (8)             ; 0 (0)        ; 0           ; 0            ; 0       ; 0         ; 0    ; 0            ; |regfile|dec5_32:d3|dec3_8:d4          ; dec3_8      ; work         ;
;       |dec3_8:d5|            ; 9 (8)             ; 0 (0)        ; 0           ; 0            ; 0       ; 0         ; 0    ; 0            ; |regfile|dec5_32:d3|dec3_8:d5          ; dec3_8      ; work         ;
;          |dec2_4:d|          ; 1 (1)             ; 0 (0)        ; 0           ; 0            ; 0       ; 0         ; 0    ; 0            ; |regfile|dec5_32:d3|dec3_8:d5|dec2_4:d ; dec2_4      ; work         ;
;    |register:wtoReg[10].r_n| ; 0 (0)             ; 32 (32)      ; 0           ; 0            ; 0       ; 0         ; 0    ; 0            ; |regfile|register:wtoReg[10].r_n       ; register    ; work         ;
;    |register:wtoReg[11].r_n| ; 0 (0)             ; 32 (32)      ; 0           ; 0            ; 0       ; 0         ; 0    ; 0            ; |regfile|register:wtoReg[11].r_n       ; register    ; work         ;
;    |register:wtoReg[12].r_n| ; 0 (0)             ; 32 (32)      ; 0           ; 0            ; 0       ; 0         ; 0    ; 0            ; |regfile|register:wtoReg[12].r_n       ; register    ; work         ;
;    |register:wtoReg[13].r_n| ; 0 (0)             ; 32 (32)      ; 0           ; 0            ; 0       ; 0         ; 0    ; 0            ; |regfile|register:wtoReg[13].r_n       ; register    ; work         ;
;    |register:wtoReg[14].r_n| ; 0 (0)             ; 32 (32)      ; 0           ; 0            ; 0       ; 0         ; 0    ; 0            ; |regfile|register:wtoReg[14].r_n       ; register    ; work         ;
;    |register:wtoReg[15].r_n| ; 0 (0)             ; 32 (32)      ; 0           ; 0            ; 0       ; 0         ; 0    ; 0            ; |regfile|register:wtoReg[15].r_n       ; register    ; work         ;
;    |register:wtoReg[16].r_n| ; 0 (0)             ; 32 (32)      ; 0           ; 0            ; 0       ; 0         ; 0    ; 0            ; |regfile|register:wtoReg[16].r_n       ; register    ; work         ;
;    |register:wtoReg[17].r_n| ; 0 (0)             ; 32 (32)      ; 0           ; 0            ; 0       ; 0         ; 0    ; 0            ; |regfile|register:wtoReg[17].r_n       ; register    ; work         ;
;    |register:wtoReg[18].r_n| ; 0 (0)             ; 32 (32)      ; 0           ; 0            ; 0       ; 0         ; 0    ; 0            ; |regfile|register:wtoReg[18].r_n       ; register    ; work         ;
;    |register:wtoReg[19].r_n| ; 0 (0)             ; 32 (32)      ; 0           ; 0            ; 0       ; 0         ; 0    ; 0            ; |regfile|register:wtoReg[19].r_n       ; register    ; work         ;
;    |register:wtoReg[1].r_n|  ; 0 (0)             ; 32 (32)      ; 0           ; 0            ; 0       ; 0         ; 0    ; 0            ; |regfile|register:wtoReg[1].r_n        ; register    ; work         ;
;    |register:wtoReg[20].r_n| ; 0 (0)             ; 32 (32)      ; 0           ; 0            ; 0       ; 0         ; 0    ; 0            ; |regfile|register:wtoReg[20].r_n       ; register    ; work         ;
;    |register:wtoReg[21].r_n| ; 0 (0)             ; 32 (32)      ; 0           ; 0            ; 0       ; 0         ; 0    ; 0            ; |regfile|register:wtoReg[21].r_n       ; register    ; work         ;
;    |register:wtoReg[22].r_n| ; 0 (0)             ; 32 (32)      ; 0           ; 0            ; 0       ; 0         ; 0    ; 0            ; |regfile|register:wtoReg[22].r_n       ; register    ; work         ;
;    |register:wtoReg[23].r_n| ; 0 (0)             ; 32 (32)      ; 0           ; 0            ; 0       ; 0         ; 0    ; 0            ; |regfile|register:wtoReg[23].r_n       ; register    ; work         ;
;    |register:wtoReg[24].r_n| ; 0 (0)             ; 32 (32)      ; 0           ; 0            ; 0       ; 0         ; 0    ; 0            ; |regfile|register:wtoReg[24].r_n       ; register    ; work         ;
;    |register:wtoReg[25].r_n| ; 0 (0)             ; 32 (32)      ; 0           ; 0            ; 0       ; 0         ; 0    ; 0            ; |regfile|register:wtoReg[25].r_n       ; register    ; work         ;
;    |register:wtoReg[26].r_n| ; 0 (0)             ; 32 (32)      ; 0           ; 0            ; 0       ; 0         ; 0    ; 0            ; |regfile|register:wtoReg[26].r_n       ; register    ; work         ;
;    |register:wtoReg[27].r_n| ; 0 (0)             ; 32 (32)      ; 0           ; 0            ; 0       ; 0         ; 0    ; 0            ; |regfile|register:wtoReg[27].r_n       ; register    ; work         ;
;    |register:wtoReg[28].r_n| ; 0 (0)             ; 32 (32)      ; 0           ; 0            ; 0       ; 0         ; 0    ; 0            ; |regfile|register:wtoReg[28].r_n       ; register    ; work         ;
;    |register:wtoReg[29].r_n| ; 0 (0)             ; 32 (32)      ; 0           ; 0            ; 0       ; 0         ; 0    ; 0            ; |regfile|register:wtoReg[29].r_n       ; register    ; work         ;
;    |register:wtoReg[2].r_n|  ; 0 (0)             ; 32 (32)      ; 0           ; 0            ; 0       ; 0         ; 0    ; 0            ; |regfile|register:wtoReg[2].r_n        ; register    ; work         ;
;    |register:wtoReg[30].r_n| ; 0 (0)             ; 32 (32)      ; 0           ; 0            ; 0       ; 0         ; 0    ; 0            ; |regfile|register:wtoReg[30].r_n       ; register    ; work         ;
;    |register:wtoReg[31].r_n| ; 0 (0)             ; 32 (32)      ; 0           ; 0            ; 0       ; 0         ; 0    ; 0            ; |regfile|register:wtoReg[31].r_n       ; register    ; work         ;
;    |register:wtoReg[3].r_n|  ; 0 (0)             ; 32 (32)      ; 0           ; 0            ; 0       ; 0         ; 0    ; 0            ; |regfile|register:wtoReg[3].r_n        ; register    ; work         ;
;    |register:wtoReg[4].r_n|  ; 0 (0)             ; 32 (32)      ; 0           ; 0            ; 0       ; 0         ; 0    ; 0            ; |regfile|register:wtoReg[4].r_n        ; register    ; work         ;
;    |register:wtoReg[5].r_n|  ; 0 (0)             ; 32 (32)      ; 0           ; 0            ; 0       ; 0         ; 0    ; 0            ; |regfile|register:wtoReg[5].r_n        ; register    ; work         ;
;    |register:wtoReg[6].r_n|  ; 0 (0)             ; 32 (32)      ; 0           ; 0            ; 0       ; 0         ; 0    ; 0            ; |regfile|register:wtoReg[6].r_n        ; register    ; work         ;
;    |register:wtoReg[7].r_n|  ; 0 (0)             ; 32 (32)      ; 0           ; 0            ; 0       ; 0         ; 0    ; 0            ; |regfile|register:wtoReg[7].r_n        ; register    ; work         ;
;    |register:wtoReg[8].r_n|  ; 0 (0)             ; 32 (32)      ; 0           ; 0            ; 0       ; 0         ; 0    ; 0            ; |regfile|register:wtoReg[8].r_n        ; register    ; work         ;
;    |register:wtoReg[9].r_n|  ; 0 (0)             ; 32 (32)      ; 0           ; 0            ; 0       ; 0         ; 0    ; 0            ; |regfile|register:wtoReg[9].r_n        ; register    ; work         ;
+------------------------------+-------------------+--------------+-------------+--------------+---------+-----------+------+--------------+----------------------------------------+-------------+--------------+
Note: For table entries with two numbers listed, the numbers in parentheses indicate the number of resources of the given type used by the specific entity alone. The numbers listed outside of parentheses indicate the total resources of the given type used by the specific entity and all of its sub-entities in the hierarchy.


+---------------------------------------------------------------------------------+
; Registers Removed During Synthesis                                              ;
+----------------------------------------+----------------------------------------+
; Register name                          ; Reason for Removal                     ;
+----------------------------------------+----------------------------------------+
; register0:r0|Q[0..31]                  ; Stuck at GND due to stuck port data_in ;
; Total Number of Removed Registers = 32 ;                                        ;
+----------------------------------------+----------------------------------------+


+------------------------------------------------------+
; General Register Statistics                          ;
+----------------------------------------------+-------+
; Statistic                                    ; Value ;
+----------------------------------------------+-------+
; Total registers                              ; 992   ;
; Number of registers using Synchronous Clear  ; 0     ;
; Number of registers using Synchronous Load   ; 0     ;
; Number of registers using Asynchronous Clear ; 992   ;
; Number of registers using Asynchronous Load  ; 0     ;
; Number of registers using Clock Enable       ; 992   ;
; Number of registers using Preset             ; 0     ;
+----------------------------------------------+-------+


+----------------------------------------------------------------------------------------------------------------------------------------------------------------------------------------------------------------+
; Port Connectivity Checks: "dec5_32:d3"                                                                                                                                                                         ;
+--------+-------+----------+------------------------------------------------------------------------------------------------------------------------------------------------------------------------------------+
; Port   ; Type  ; Severity ; Details                                                                                                                                                                            ;
+--------+-------+----------+------------------------------------------------------------------------------------------------------------------------------------------------------------------------------------+
; en     ; Input ; Warning  ; Input port expression (32 bits) is wider than the input port (1 bits) it drives.  The 31 most-significant bit(s) in the expression will be dangling if they have no other fanouts. ;
; en[-1] ; Input ; Info     ; Stuck at VCC                                                                                                                                                                       ;
+--------+-------+----------+------------------------------------------------------------------------------------------------------------------------------------------------------------------------------------+


+----------------------------------------------------------------------------------------------------------------------------------------------------------------------------------------------------------------+
; Port Connectivity Checks: "dec5_32:d2"                                                                                                                                                                         ;
+--------+-------+----------+------------------------------------------------------------------------------------------------------------------------------------------------------------------------------------+
; Port   ; Type  ; Severity ; Details                                                                                                                                                                            ;
+--------+-------+----------+------------------------------------------------------------------------------------------------------------------------------------------------------------------------------------+
; en     ; Input ; Warning  ; Input port expression (32 bits) is wider than the input port (1 bits) it drives.  The 31 most-significant bit(s) in the expression will be dangling if they have no other fanouts. ;
; en[-1] ; Input ; Info     ; Stuck at VCC                                                                                                                                                                       ;
+--------+-------+----------+------------------------------------------------------------------------------------------------------------------------------------------------------------------------------------+


+----------------------------------------------------------------------------------------------------------------------------------------------------------------------------------------------------------------+
; Port Connectivity Checks: "dec5_32:d1|dec3_8:d2|dec2_4:d"                                                                                                                                                      ;
+--------+-------+----------+------------------------------------------------------------------------------------------------------------------------------------------------------------------------------------+
; Port   ; Type  ; Severity ; Details                                                                                                                                                                            ;
+--------+-------+----------+------------------------------------------------------------------------------------------------------------------------------------------------------------------------------------+
; en     ; Input ; Warning  ; Input port expression (32 bits) is wider than the input port (1 bits) it drives.  The 31 most-significant bit(s) in the expression will be dangling if they have no other fanouts. ;
; en[-1] ; Input ; Info     ; Stuck at VCC                                                                                                                                                                       ;
+--------+-------+----------+------------------------------------------------------------------------------------------------------------------------------------------------------------------------------------+


+-----------------------------------------------------+
; Post-Synthesis Netlist Statistics for Top Partition ;
+-----------------------+-----------------------------+
; Type                  ; Count                       ;
+-----------------------+-----------------------------+
; boundary_port         ; 114                         ;
; cycloneiii_ff         ; 992                         ;
;     ENA CLR           ; 992                         ;
; cycloneiii_io_obuf    ; 64                          ;
; cycloneiii_lcell_comb ; 1512                        ;
;     normal            ; 1512                        ;
;         2 data inputs ; 60                          ;
;         3 data inputs ; 145                         ;
;         4 data inputs ; 1307                        ;
;                       ;                             ;
; Max LUT depth         ; 6.00                        ;
; Average LUT depth     ; 4.57                        ;
+-----------------------+-----------------------------+


+-------------------------------+
; Elapsed Time Per Partition    ;
+----------------+--------------+
; Partition Name ; Elapsed Time ;
+----------------+--------------+
; Top            ; 00:00:02     ;
+----------------+--------------+


+-------------------------------+
; Analysis & Synthesis Messages ;
+-------------------------------+
Info: *******************************************************************
Info: Running Quartus Prime Analysis & Synthesis
    Info: Version 16.0.0 Build 211 04/27/2016 SJ Lite Edition
    Info: Processing started: Wed Oct 06 15:55:27 2021
Info: Command: quartus_map --read_settings_files=on --write_settings_files=off regfile -c regfile
Warning (20028): Parallel compilation is not licensed and has been disabled
Info (12021): Found 1 design units, including 1 entities, in source file write_port.v
    Info (12023): Found entity 1: write_port File: C:/Users/hb/Desktop/ece550/ECE_550/Project2/write_port.v Line: 1
Info (12021): Found 1 design units, including 1 entities, in source file tristate32.v
    Info (12023): Found entity 1: tristate32 File: C:/Users/hb/Desktop/ece550/ECE_550/Project2/tristate32.v Line: 1
Info (12021): Found 0 design units, including 0 entities, in source file test_buffer.v
Info (12021): Found 1 design units, including 1 entities, in source file sr_latch.v
    Info (12023): Found entity 1: SR_Latch File: C:/Users/hb/Desktop/ece550/ECE_550/Project2/SR_Latch.v Line: 1
Info (12021): Found 1 design units, including 1 entities, in source file register0.v
    Info (12023): Found entity 1: register0 File: C:/Users/hb/Desktop/ece550/ECE_550/Project2/register0.v Line: 1
Info (12021): Found 1 design units, including 1 entities, in source file register.v
    Info (12023): Found entity 1: register File: C:/Users/hb/Desktop/ece550/ECE_550/Project2/register.v Line: 1
Info (12021): Found 1 design units, including 1 entities, in source file regfile_tb.v
    Info (12023): Found entity 1: regfile_tb File: C:/Users/hb/Desktop/ece550/ECE_550/Project2/regfile_tb.v Line: 3
Info (12021): Found 1 design units, including 1 entities, in source file regfile.v
    Info (12023): Found entity 1: regfile File: C:/Users/hb/Desktop/ece550/ECE_550/Project2/regfile.v Line: 1
Info (12021): Found 1 design units, including 1 entities, in source file reg32.v
    Info (12023): Found entity 1: reg32 File: C:/Users/hb/Desktop/ece550/ECE_550/Project2/reg32.v Line: 1
Info (12021): Found 1 design units, including 1 entities, in source file dec5_32.v
    Info (12023): Found entity 1: dec5_32 File: C:/Users/hb/Desktop/ece550/ECE_550/Project2/dec5_32.v Line: 1
Info (12021): Found 1 design units, including 1 entities, in source file dec3_8.v
    Info (12023): Found entity 1: dec3_8 File: C:/Users/hb/Desktop/ece550/ECE_550/Project2/dec3_8.v Line: 1
Info (12021): Found 1 design units, including 1 entities, in source file dec2_4.v
    Info (12023): Found entity 1: dec2_4 File: C:/Users/hb/Desktop/ece550/ECE_550/Project2/dec2_4.v Line: 1
Info (12021): Found 1 design units, including 1 entities, in source file d_latch.v
    Info (12023): Found entity 1: D_Latch File: C:/Users/hb/Desktop/ece550/ECE_550/Project2/D_Latch.v Line: 1
Info (12021): Found 1 design units, including 1 entities, in source file d_ff.v
    Info (12023): Found entity 1: d_ff File: C:/Users/hb/Desktop/ece550/ECE_550/Project2/d_ff.v Line: 1
Info (12127): Elaborating entity "regfile" for the top level hierarchy
Info (12128): Elaborating entity "dec5_32" for hierarchy "dec5_32:d1" File: C:/Users/hb/Desktop/ece550/ECE_550/Project2/regfile.v Line: 23
Info (12128): Elaborating entity "dec2_4" for hierarchy "dec5_32:d1|dec2_4:d1" File: C:/Users/hb/Desktop/ece550/ECE_550/Project2/dec5_32.v Line: 6
Info (12128): Elaborating entity "dec3_8" for hierarchy "dec5_32:d1|dec3_8:d2" File: C:/Users/hb/Desktop/ece550/ECE_550/Project2/dec5_32.v Line: 7
Info (12128): Elaborating entity "register0" for hierarchy "register0:r0" File: C:/Users/hb/Desktop/ece550/ECE_550/Project2/regfile.v Line: 25
Info (12128): Elaborating entity "register" for hierarchy "register:wtoReg[1].r_n" File: C:/Users/hb/Desktop/ece550/ECE_550/Project2/regfile.v Line: 28
Warning (12020): Port "ordered port 2" on the entity instantiation of "d" is connected to a signal of width 32. The formal width of the signal in the module is 1.  The extra bits will be ignored. File: C:/Users/hb/Desktop/ece550/ECE_550/Project2/dec3_8.v Line: 8
Warning (12020): Port "ordered port 2" on the entity instantiation of "d" is connected to a signal of width 32. The formal width of the signal in the module is 1.  The extra bits will be ignored. File: C:/Users/hb/Desktop/ece550/ECE_550/Project2/dec3_8.v Line: 8
Warning (12020): Port "ordered port 2" on the entity instantiation of "d" is connected to a signal of width 32. The formal width of the signal in the module is 1.  The extra bits will be ignored. File: C:/Users/hb/Desktop/ece550/ECE_550/Project2/dec3_8.v Line: 8
Warning (12020): Port "ordered port 2" on the entity instantiation of "d" is connected to a signal of width 32. The formal width of the signal in the module is 1.  The extra bits will be ignored. File: C:/Users/hb/Desktop/ece550/ECE_550/Project2/dec3_8.v Line: 8
Warning (12020): Port "ordered port 2" on the entity instantiation of "d" is connected to a signal of width 32. The formal width of the signal in the module is 1.  The extra bits will be ignored. File: C:/Users/hb/Desktop/ece550/ECE_550/Project2/dec3_8.v Line: 8
Warning (12020): Port "ordered port 2" on the entity instantiation of "d" is connected to a signal of width 32. The formal width of the signal in the module is 1.  The extra bits will be ignored. File: C:/Users/hb/Desktop/ece550/ECE_550/Project2/dec3_8.v Line: 8
Warning (12020): Port "ordered port 2" on the entity instantiation of "d" is connected to a signal of width 32. The formal width of the signal in the module is 1.  The extra bits will be ignored. File: C:/Users/hb/Desktop/ece550/ECE_550/Project2/dec3_8.v Line: 8
Warning (12020): Port "ordered port 2" on the entity instantiation of "d" is connected to a signal of width 32. The formal width of the signal in the module is 1.  The extra bits will be ignored. File: C:/Users/hb/Desktop/ece550/ECE_550/Project2/dec3_8.v Line: 8
Warning (12020): Port "ordered port 2" on the entity instantiation of "d" is connected to a signal of width 32. The formal width of the signal in the module is 1.  The extra bits will be ignored. File: C:/Users/hb/Desktop/ece550/ECE_550/Project2/dec3_8.v Line: 8
Warning (12020): Port "ordered port 2" on the entity instantiation of "d" is connected to a signal of width 32. The formal width of the signal in the module is 1.  The extra bits will be ignored. File: C:/Users/hb/Desktop/ece550/ECE_550/Project2/dec3_8.v Line: 8
Warning (12020): Port "ordered port 2" on the entity instantiation of "d" is connected to a signal of width 32. The formal width of the signal in the module is 1.  The extra bits will be ignored. File: C:/Users/hb/Desktop/ece550/ECE_550/Project2/dec3_8.v Line: 8
Warning (12241): 3 hierarchies have connectivity warnings - see the Connectivity Checks report folder
Warning (13009): TRI or OPNDRN buffers permanently enabled
    Warning (13010): Node "data_readRegA[0]~synth" File: C:/Users/hb/Desktop/ece550/ECE_550/Project2/regfile.v Line: 15
    Warning (13010): Node "data_readRegA[1]~synth" File: C:/Users/hb/Desktop/ece550/ECE_550/Project2/regfile.v Line: 15
    Warning (13010): Node "data_readRegA[2]~synth" File: C:/Users/hb/Desktop/ece550/ECE_550/Project2/regfile.v Line: 15
    Warning (13010): Node "data_readRegA[3]~synth" File: C:/Users/hb/Desktop/ece550/ECE_550/Project2/regfile.v Line: 15
    Warning (13010): Node "data_readRegA[4]~synth" File: C:/Users/hb/Desktop/ece550/ECE_550/Project2/regfile.v Line: 15
    Warning (13010): Node "data_readRegA[5]~synth" File: C:/Users/hb/Desktop/ece550/ECE_550/Project2/regfile.v Line: 15
    Warning (13010): Node "data_readRegA[6]~synth" File: C:/Users/hb/Desktop/ece550/ECE_550/Project2/regfile.v Line: 15
    Warning (13010): Node "data_readRegA[7]~synth" File: C:/Users/hb/Desktop/ece550/ECE_550/Project2/regfile.v Line: 15
    Warning (13010): Node "data_readRegA[8]~synth" File: C:/Users/hb/Desktop/ece550/ECE_550/Project2/regfile.v Line: 15
    Warning (13010): Node "data_readRegA[9]~synth" File: C:/Users/hb/Desktop/ece550/ECE_550/Project2/regfile.v Line: 15
    Warning (13010): Node "data_readRegA[10]~synth" File: C:/Users/hb/Desktop/ece550/ECE_550/Project2/regfile.v Line: 15
    Warning (13010): Node "data_readRegA[11]~synth" File: C:/Users/hb/Desktop/ece550/ECE_550/Project2/regfile.v Line: 15
    Warning (13010): Node "data_readRegA[12]~synth" File: C:/Users/hb/Desktop/ece550/ECE_550/Project2/regfile.v Line: 15
    Warning (13010): Node "data_readRegA[13]~synth" File: C:/Users/hb/Desktop/ece550/ECE_550/Project2/regfile.v Line: 15
    Warning (13010): Node "data_readRegA[14]~synth" File: C:/Users/hb/Desktop/ece550/ECE_550/Project2/regfile.v Line: 15
    Warning (13010): Node "data_readRegA[15]~synth" File: C:/Users/hb/Desktop/ece550/ECE_550/Project2/regfile.v Line: 15
    Warning (13010): Node "data_readRegA[16]~synth" File: C:/Users/hb/Desktop/ece550/ECE_550/Project2/regfile.v Line: 15
    Warning (13010): Node "data_readRegA[17]~synth" File: C:/Users/hb/Desktop/ece550/ECE_550/Project2/regfile.v Line: 15
    Warning (13010): Node "data_readRegA[18]~synth" File: C:/Users/hb/Desktop/ece550/ECE_550/Project2/regfile.v Line: 15
    Warning (13010): Node "data_readRegA[19]~synth" File: C:/Users/hb/Desktop/ece550/ECE_550/Project2/regfile.v Line: 15
    Warning (13010): Node "data_readRegA[20]~synth" File: C:/Users/hb/Desktop/ece550/ECE_550/Project2/regfile.v Line: 15
    Warning (13010): Node "data_readRegA[21]~synth" File: C:/Users/hb/Desktop/ece550/ECE_550/Project2/regfile.v Line: 15
    Warning (13010): Node "data_readRegA[22]~synth" File: C:/Users/hb/Desktop/ece550/ECE_550/Project2/regfile.v Line: 15
    Warning (13010): Node "data_readRegA[23]~synth" File: C:/Users/hb/Desktop/ece550/ECE_550/Project2/regfile.v Line: 15
    Warning (13010): Node "data_readRegA[24]~synth" File: C:/Users/hb/Desktop/ece550/ECE_550/Project2/regfile.v Line: 15
    Warning (13010): Node "data_readRegA[25]~synth" File: C:/Users/hb/Desktop/ece550/ECE_550/Project2/regfile.v Line: 15
    Warning (13010): Node "data_readRegA[26]~synth" File: C:/Users/hb/Desktop/ece550/ECE_550/Project2/regfile.v Line: 15
    Warning (13010): Node "data_readRegA[27]~synth" File: C:/Users/hb/Desktop/ece550/ECE_550/Project2/regfile.v Line: 15
    Warning (13010): Node "data_readRegA[28]~synth" File: C:/Users/hb/Desktop/ece550/ECE_550/Project2/regfile.v Line: 15
    Warning (13010): Node "data_readRegA[29]~synth" File: C:/Users/hb/Desktop/ece550/ECE_550/Project2/regfile.v Line: 15
    Warning (13010): Node "data_readRegA[30]~synth" File: C:/Users/hb/Desktop/ece550/ECE_550/Project2/regfile.v Line: 15
    Warning (13010): Node "data_readRegA[31]~synth" File: C:/Users/hb/Desktop/ece550/ECE_550/Project2/regfile.v Line: 15
    Warning (13010): Node "data_readRegB[0]~synth" File: C:/Users/hb/Desktop/ece550/ECE_550/Project2/regfile.v Line: 15
    Warning (13010): Node "data_readRegB[1]~synth" File: C:/Users/hb/Desktop/ece550/ECE_550/Project2/regfile.v Line: 15
    Warning (13010): Node "data_readRegB[2]~synth" File: C:/Users/hb/Desktop/ece550/ECE_550/Project2/regfile.v Line: 15
    Warning (13010): Node "data_readRegB[3]~synth" File: C:/Users/hb/Desktop/ece550/ECE_550/Project2/regfile.v Line: 15
    Warning (13010): Node "data_readRegB[4]~synth" File: C:/Users/hb/Desktop/ece550/ECE_550/Project2/regfile.v Line: 15
    Warning (13010): Node "data_readRegB[5]~synth" File: C:/Users/hb/Desktop/ece550/ECE_550/Project2/regfile.v Line: 15
    Warning (13010): Node "data_readRegB[6]~synth" File: C:/Users/hb/Desktop/ece550/ECE_550/Project2/regfile.v Line: 15
    Warning (13010): Node "data_readRegB[7]~synth" File: C:/Users/hb/Desktop/ece550/ECE_550/Project2/regfile.v Line: 15
    Warning (13010): Node "data_readRegB[8]~synth" File: C:/Users/hb/Desktop/ece550/ECE_550/Project2/regfile.v Line: 15
    Warning (13010): Node "data_readRegB[9]~synth" File: C:/Users/hb/Desktop/ece550/ECE_550/Project2/regfile.v Line: 15
    Warning (13010): Node "data_readRegB[10]~synth" File: C:/Users/hb/Desktop/ece550/ECE_550/Project2/regfile.v Line: 15
    Warning (13010): Node "data_readRegB[11]~synth" File: C:/Users/hb/Desktop/ece550/ECE_550/Project2/regfile.v Line: 15
    Warning (13010): Node "data_readRegB[12]~synth" File: C:/Users/hb/Desktop/ece550/ECE_550/Project2/regfile.v Line: 15
    Warning (13010): Node "data_readRegB[13]~synth" File: C:/Users/hb/Desktop/ece550/ECE_550/Project2/regfile.v Line: 15
    Warning (13010): Node "data_readRegB[14]~synth" File: C:/Users/hb/Desktop/ece550/ECE_550/Project2/regfile.v Line: 15
    Warning (13010): Node "data_readRegB[15]~synth" File: C:/Users/hb/Desktop/ece550/ECE_550/Project2/regfile.v Line: 15
    Warning (13010): Node "data_readRegB[16]~synth" File: C:/Users/hb/Desktop/ece550/ECE_550/Project2/regfile.v Line: 15
    Warning (13010): Node "data_readRegB[17]~synth" File: C:/Users/hb/Desktop/ece550/ECE_550/Project2/regfile.v Line: 15
    Warning (13010): Node "data_readRegB[18]~synth" File: C:/Users/hb/Desktop/ece550/ECE_550/Project2/regfile.v Line: 15
    Warning (13010): Node "data_readRegB[19]~synth" File: C:/Users/hb/Desktop/ece550/ECE_550/Project2/regfile.v Line: 15
    Warning (13010): Node "data_readRegB[20]~synth" File: C:/Users/hb/Desktop/ece550/ECE_550/Project2/regfile.v Line: 15
    Warning (13010): Node "data_readRegB[21]~synth" File: C:/Users/hb/Desktop/ece550/ECE_550/Project2/regfile.v Line: 15
    Warning (13010): Node "data_readRegB[22]~synth" File: C:/Users/hb/Desktop/ece550/ECE_550/Project2/regfile.v Line: 15
    Warning (13010): Node "data_readRegB[23]~synth" File: C:/Users/hb/Desktop/ece550/ECE_550/Project2/regfile.v Line: 15
    Warning (13010): Node "data_readRegB[24]~synth" File: C:/Users/hb/Desktop/ece550/ECE_550/Project2/regfile.v Line: 15
    Warning (13010): Node "data_readRegB[25]~synth" File: C:/Users/hb/Desktop/ece550/ECE_550/Project2/regfile.v Line: 15
    Warning (13010): Node "data_readRegB[26]~synth" File: C:/Users/hb/Desktop/ece550/ECE_550/Project2/regfile.v Line: 15
    Warning (13010): Node "data_readRegB[27]~synth" File: C:/Users/hb/Desktop/ece550/ECE_550/Project2/regfile.v Line: 15
    Warning (13010): Node "data_readRegB[28]~synth" File: C:/Users/hb/Desktop/ece550/ECE_550/Project2/regfile.v Line: 15
    Warning (13010): Node "data_readRegB[29]~synth" File: C:/Users/hb/Desktop/ece550/ECE_550/Project2/regfile.v Line: 15
    Warning (13010): Node "data_readRegB[30]~synth" File: C:/Users/hb/Desktop/ece550/ECE_550/Project2/regfile.v Line: 15
    Warning (13010): Node "data_readRegB[31]~synth" File: C:/Users/hb/Desktop/ece550/ECE_550/Project2/regfile.v Line: 15
Info (286030): Timing-Driven Synthesis is running
Info (144001): Generated suppressed messages file C:/Users/hb/Desktop/ece550/ECE_550/Project2/output_files/regfile.map.smsg
Info (16010): Generating hard_block partition "hard_block:auto_generated_inst"
    Info (16011): Adding 0 node(s), including 0 DDIO, 0 PLL, 0 transceiver and 0 LCELL
Info (21057): Implemented 2618 device resources after synthesis - the final resource count might be different
    Info (21058): Implemented 50 input pins
    Info (21059): Implemented 64 output pins
    Info (21061): Implemented 2504 logic cells
Info: Quartus Prime Analysis & Synthesis was successful. 0 errors, 78 warnings
    Info: Peak virtual memory: 4967 megabytes
    Info: Processing ended: Wed Oct 06 15:55:39 2021
    Info: Elapsed time: 00:00:12
    Info: Total CPU time (on all processors): 00:00:22


+------------------------------------------+
; Analysis & Synthesis Suppressed Messages ;
+------------------------------------------+
The suppressed messages can be found in C:/Users/hb/Desktop/ece550/ECE_550/Project2/output_files/regfile.map.smsg.


