------------------------------------------------------------
TimeQuest Timing Analyzer Summary
------------------------------------------------------------

Type  : Slow 1200mV 85C Model Setup 'p1|altpll_component|pll|clk[2]'
Slack : 7.181
TNS   : 0.000

Type  : Slow 1200mV 85C Model Setup 'CLOCK_50'
Slack : 12.384
TNS   : 0.000

Type  : Slow 1200mV 85C Model Hold 'CLOCK_50'
Slack : 0.403
TNS   : 0.000

Type  : Slow 1200mV 85C Model Hold 'p1|altpll_component|pll|clk[2]'
Slack : 0.443
TNS   : 0.000

Type  : Slow 1200mV 85C Model Recovery 'p1|altpll_component|pll|clk[2]'
Slack : 13.352
TNS   : 0.000

Type  : Slow 1200mV 85C Model Removal 'p1|altpll_component|pll|clk[2]'
Slack : 5.042
TNS   : 0.000

Type  : Slow 1200mV 85C Model Minimum Pulse Width 'CLOCK_50'
Slack : 9.756
TNS   : 0.000

Type  : Slow 1200mV 85C Model Minimum Pulse Width 'p1|altpll_component|pll|clk[2]'
Slack : 19.718
TNS   : 0.000

Type  : Slow 1200mV 0C Model Setup 'p1|altpll_component|pll|clk[2]'
Slack : 8.158
TNS   : 0.000

Type  : Slow 1200mV 0C Model Setup 'CLOCK_50'
Slack : 13.063
TNS   : 0.000

Type  : Slow 1200mV 0C Model Hold 'CLOCK_50'
Slack : 0.354
TNS   : 0.000

Type  : Slow 1200mV 0C Model Hold 'p1|altpll_component|pll|clk[2]'
Slack : 0.400
TNS   : 0.000

Type  : Slow 1200mV 0C Model Recovery 'p1|altpll_component|pll|clk[2]'
Slack : 13.983
TNS   : 0.000

Type  : Slow 1200mV 0C Model Removal 'p1|altpll_component|pll|clk[2]'
Slack : 4.463
TNS   : 0.000

Type  : Slow 1200mV 0C Model Minimum Pulse Width 'CLOCK_50'
Slack : 9.776
TNS   : 0.000

Type  : Slow 1200mV 0C Model Minimum Pulse Width 'p1|altpll_component|pll|clk[2]'
Slack : 19.715
TNS   : 0.000

Type  : Fast 1200mV 0C Model Setup 'p1|altpll_component|pll|clk[2]'
Slack : 13.273
TNS   : 0.000

Type  : Fast 1200mV 0C Model Setup 'CLOCK_50'
Slack : 16.114
TNS   : 0.000

Type  : Fast 1200mV 0C Model Hold 'CLOCK_50'
Slack : 0.182
TNS   : 0.000

Type  : Fast 1200mV 0C Model Hold 'p1|altpll_component|pll|clk[2]'
Slack : 0.197
TNS   : 0.000

Type  : Fast 1200mV 0C Model Recovery 'p1|altpll_component|pll|clk[2]'
Slack : 16.405
TNS   : 0.000

Type  : Fast 1200mV 0C Model Removal 'p1|altpll_component|pll|clk[2]'
Slack : 2.547
TNS   : 0.000

Type  : Fast 1200mV 0C Model Minimum Pulse Width 'CLOCK_50'
Slack : 9.437
TNS   : 0.000

Type  : Fast 1200mV 0C Model Minimum Pulse Width 'p1|altpll_component|pll|clk[2]'
Slack : 19.751
TNS   : 0.000

------------------------------------------------------------
