------------------------------------------------------------
TimeQuest Timing Analyzer Summary
------------------------------------------------------------

Type  : Slow 1200mV 85C Model Setup 'p1|altpll_component|pll|clk[2]'
Slack : 7.322
TNS   : 0.000

Type  : Slow 1200mV 85C Model Setup 'CLOCK_50'
Slack : 11.651
TNS   : 0.000

Type  : Slow 1200mV 85C Model Hold 'CLOCK_50'
Slack : 0.403
TNS   : 0.000

Type  : Slow 1200mV 85C Model Hold 'p1|altpll_component|pll|clk[2]'
Slack : 0.443
TNS   : 0.000

Type  : Slow 1200mV 85C Model Recovery 'p1|altpll_component|pll|clk[2]'
Slack : 11.620
TNS   : 0.000

Type  : Slow 1200mV 85C Model Removal 'p1|altpll_component|pll|clk[2]'
Slack : 6.750
TNS   : 0.000

Type  : Slow 1200mV 85C Model Minimum Pulse Width 'CLOCK_50'
Slack : 9.750
TNS   : 0.000

Type  : Slow 1200mV 85C Model Minimum Pulse Width 'p1|altpll_component|pll|clk[2]'
Slack : 19.710
TNS   : 0.000

Type  : Slow 1200mV 0C Model Setup 'p1|altpll_component|pll|clk[2]'
Slack : 8.228
TNS   : 0.000

Type  : Slow 1200mV 0C Model Setup 'CLOCK_50'
Slack : 12.252
TNS   : 0.000

Type  : Slow 1200mV 0C Model Hold 'CLOCK_50'
Slack : 0.354
TNS   : 0.000

Type  : Slow 1200mV 0C Model Hold 'p1|altpll_component|pll|clk[2]'
Slack : 0.400
TNS   : 0.000

Type  : Slow 1200mV 0C Model Recovery 'p1|altpll_component|pll|clk[2]'
Slack : 12.486
TNS   : 0.000

Type  : Slow 1200mV 0C Model Removal 'p1|altpll_component|pll|clk[2]'
Slack : 6.069
TNS   : 0.000

Type  : Slow 1200mV 0C Model Minimum Pulse Width 'CLOCK_50'
Slack : 9.773
TNS   : 0.000

Type  : Slow 1200mV 0C Model Minimum Pulse Width 'p1|altpll_component|pll|clk[2]'
Slack : 19.711
TNS   : 0.000

Type  : Fast 1200mV 0C Model Setup 'p1|altpll_component|pll|clk[2]'
Slack : 13.501
TNS   : 0.000

Type  : Fast 1200mV 0C Model Setup 'CLOCK_50'
Slack : 15.659
TNS   : 0.000

Type  : Fast 1200mV 0C Model Hold 'CLOCK_50'
Slack : 0.182
TNS   : 0.000

Type  : Fast 1200mV 0C Model Hold 'p1|altpll_component|pll|clk[2]'
Slack : 0.196
TNS   : 0.000

Type  : Fast 1200mV 0C Model Recovery 'p1|altpll_component|pll|clk[2]'
Slack : 15.385
TNS   : 0.000

Type  : Fast 1200mV 0C Model Removal 'p1|altpll_component|pll|clk[2]'
Slack : 3.384
TNS   : 0.000

Type  : Fast 1200mV 0C Model Minimum Pulse Width 'CLOCK_50'
Slack : 9.436
TNS   : 0.000

Type  : Fast 1200mV 0C Model Minimum Pulse Width 'p1|altpll_component|pll|clk[2]'
Slack : 19.753
TNS   : 0.000

------------------------------------------------------------
